D01 0.0
D02 0.0
D03 0.0
D04 0.0
D05 0.0
D06 0.0
D07 0.0
D08 0.0
D09 0.0
D10 0.0
E01 0.0
E02 1.437022758632526
E03 0.0
E04 2.3015266202727575e-18
E05 16.988430588403553
E06 4.288846913240392
E07 1.7642492493535973
E08 35.250591735690904
E09 62.47210497375639
E10 0.0
G00 1.75633055260211
I01 0.0
I02 0.0
I03 0.0
I04 0.0
I05 0.0
I06 0.0
I07 0.0
I08 0.0
I09 0.0
I10 0.0
L01 684.8319783303576
L02 842.9981116544515
L03 1549.961603595426
L04 49.689753093067964
L05 2.4626935247433144
L06 149.80905281162552
L07 2.188724305055918
L08 1.618264284393295
L09 69.15699209181733
L10 18.873537600217862
Total Execution Time: 0:14:49.265916
