2195875  words loaded!
D01 53 0.0
D02 51 0.0
D03 50 0.0
D04 100 0.0 0.0 0.0 0.0 0.0 0.0
D05 50 0.0
D06 51 0.0
D07 53 0.0
D08 50 0.0
D09 67 0.0 0.0
D10 52 0.0
E01 52 0.0
E02 77 4.3524 3.4393 3.6132
E03 50 0.0
E04 67 0.0 1.9019
E05 118 0.2648 0.373 1.1228 2.7276 4.7788 4.8342 7.4478
E06 88 1.3082 1.4784 2.028 3.0044
E07 89 0.0 1.9318 2.0123 2.0028
E08 127 2.3333 2.9987 6.0877 8.5708 10.9521 11.2974 20.1105 25.9096
E09 118 13.4622 22.4083 34.7861 29.2027 38.9194 47.3776 54.9595
E10 68 0.257 0.2573
G00 200 0.0 0.0 0.0 0.0 0.0 0.0 0.0 0.0 0.0 0.0 0.0 0.0 0.0 0.0 0.0 0.0
I01 50 0.0
I02 50 0.0
I03 50 0.0
I04 50 0.0
I05 50 0.0
I06 50 0.0
I07 50 0.0
I08 50 0.0
I09 50 0.0
I10 50 0.0
L01 828 10.8809 20.3213 25.491 24.5985 34.4298 39.3998 48.2522 53.9774 54.2096 60.8158 70.1927 67.707 83.868 87.5728 87.7872 93.4423 105.3852 101.5685 102.2631 101.3393 115.4946 130.7836 135.6794 126.0229 135.3285 129.1374 149.3801 164.1409 155.5351 162.1686 177.4471 197.8993 191.0539 185.6219 182.7967 185.9649 192.3744 197.8305 226.959 237.9994 226.532 238.0537 233.5124 251.5422 243.1277 244.5375 251.2597 252.6518 264.3305 264.452 276.8279 287.3891 294.795 295.2875 285.2627 295.7283 297.4998 294.0145 306.3625 309.5121 318.2209 338.2733 334.8674 326.7405 344.2777 358.7676 368.7833 369.303 369.3295 359.7225 358.8887 370.4994 384.5489 396.2345 400.5306 397.4078 404.6504 422.0624
L02 876 4.993 4.3225 4.7596 9.4151 27.4225 23.985 30.5372 33.0754 38.1092 44.7309 46.4749 52.5147 53.4464 57.6267 60.1916 61.9695 70.0708 77.3581 79.058 81.2495 82.5342 87.8356 98.9075 92.8886 104.3583 107.8431 104.0348 125.2355 124.1531 137.4906 140.5004 137.3123 148.1519 164.4701 161.6164 177.2009 181.1663 193.1738 185.1862 201.2236 183.4648 194.645 191.9203 198.9723 195.5065 207.4956 222.7967 227.6447 229.8719 213.944 224.1459 246.7653 247.0026 258.2908 246.0024 275.2413 277.9855 287.8002 303.8578 312.6018 309.8957 317.5123 310.1453 317.8187 328.359 327.5002 316.5919 312.7002 310.5853 316.6728 335.6396 341.6753 361.8615 357.7722 357.3892 360.6101 371.2857 386.631 391.1765 397.4676 392.3732 402.4084 404.1262
L03 1507 0.0 0.0 0.551 0.5368 0.5435 0.5543 0.5591 0.5629 0.5596 0.5646 0.5641 0.5664 0.5803 0.5838 0.6055 0.621 0.6197 0.6441 0.7131 0.7056 0.7206 0.8567 0.9995 1.4456 3.1435 2.8303 4.1445 5.253 3.9911 9.0018 14.4251 22.366 23.9912 38.7325 44.0266 51.1716 61.246 76.6576 96.8861 107.5253 112.5667 120.6667 123.7739 128.5613 137.2035 144.5843 165.1061 187.4683 189.0728 198.4369 210.2852 227.5418 225.1641 251.4836 254.2786 257.8443 288.3901 283.6996 267.6268 299.8296 295.6865 301.1372 326.6427 345.0208 346.3058 360.3445 368.1743 358.9467 381.431 395.1533 391.5524 414.7293 416.1653 435.7112 445.4802 456.8815 465.5556 458.1258 455.8874 467.8736 459.8543 492.3298 497.9905 494.9198 508.0421 509.7617 510.7661 531.6588 522.6424 521.5303 541.9052 559.7307 549.6774 522.946 517.9618 553.5583 586.918 574.5544 586.7412 589.9482 602.4184 584.4959 591.2563 604.7715 629.4957 657.9526 672.7865 690.4477 698.9953 696.592 696.4617 692.8385 733.4608 737.2117 757.057 782.3376 818.4737 818.645 820.3722 822.1359 782.7853 770.6232 790.8831 828.6511 851.1679 861.8796 901.341 905.3774 897.5977 862.1917 860.7262 886.6489 901.5677 909.2283 923.3894 939.6975 986.7179 971.5012 897.502 944.1242 971.7336 928.6304 926.6507 940.0391 979.9416 969.8813
L04 198 0.0 0.0 5.3509 8.4549 9.3191 6.9875 7.8967 10.0522 11.7229 12.5144 16.6618 15.5866 15.396 21.5179 24.7962
L05 113 0.0 0.0 0.0 0.0 0.0 0.0 0.0
L06 834 0.0 0.0 0.0 0.0 0.0 0.0 0.6118 0.838 0.6183 0.5849 0.5537 0.564 0.5565 0.5556 0.5687 0.5814 0.5815 0.5715 0.5739 1.5928 1.6849 1.7952 2.7074 3.5925 3.7523 3.9463 4.3827 7.1123 11.3689 21.8814 27.6041 35.6025 45.4961 65.5559 63.145 105.8918 109.0523 120.3614 124.0173 135.712 146.5761 158.2845 173.2202 188.3077 215.5134 206.6952 220.048 252.5008 257.0715 265.4683 263.0127 266.1278 274.565 272.8861 293.7122 279.9637 308.1287 278.3796 303.1223 330.9294 349.2432 361.2946 366.1473 358.888 376.4339 400.3815 431.8224 439.7845 436.9112 431.2119 423.01 426.3253 443.1345 440.3399 452.4357 435.5586 460.9563 453.5328 470.7374
L07 254 0.0 0.0 0.0 0.0 0.0 0.0 0.0 0.0 0.0 0.0 0.0 0.0 0.0 0.0 0.0 0.0 0.0 0.0 3.7126 4.1879 4.4467
L08 185 0.0 0.0 0.0 0.0 0.0 1.0786 1.268 1.3391 1.7365 2.1821 1.4052 1.1037 1.204 2.3517
L09 881 0.0 0.0 0.0 0.0 0.0 0.0 0.0 0.0 0.0 0.0 0.0 0.0 0.0 0.0 0.0 0.0 0.0 0.0 1.9043 2.92 1.8371 4.4531 3.7883 4.6952 3.3091 2.3346 3.8788 4.3066 4.9889 7.4313 6.8 21.1512 19.4978 41.7615 46.4539 58.9828 64.5651 66.5084 77.7237 90.0466 94.7989 111.5594 117.1561 116.9408 127.8527 115.2699 128.7434 135.0093 141.319 133.928 147.2592 145.1997 159.3897 169.5835 172.4555 187.7918 226.0134 214.8666 228.8589 241.2701 250.8514 270.7981 283.9321 280.6082 284.9505 293.447 314.8611 315.8864 338.9682 310.0401 327.5319 307.4383 363.9393 368.964 379.2063 382.4067 350.0857 374.7545 406.8655 409.3968 379.707 401.8437 429.7742 429.1282
L10 190 0.0 0.0 0.9312 2.5166 2.6222 3.0352 2.9416 3.485 3.3761 3.6641 3.7844 3.0722 3.2204 4.2944 3.6938
Total Execution Time: 0:05:08.643260
