2195875  words loaded!
D01 53 0.0 0.0 0.0 0.0 0.0
D02 51 0.0 0.0 0.0 0.0 0.0
D03 50 0.0 0.0 0.0 0.0
D04 100 0.0 0.0 0.0 0.0 0.0 0.0 0.0 0.0 0.0
D05 50 0.0 0.0 0.0 0.0
D06 51 0.0 0.0 0.0 0.0 0.0
D07 53 0.0 0.0 0.0 0.0 0.0
D08 50 0.0 0.0 0.0 0.0
D09 67 0.0 0.0 0.0 0.0 0.0 0.0
D10 52 0.0 0.0 0.0 0.0 0.0
E01 52 0.0 0.0 0.0 0.0 0.0
E02 77 0.0 0.0 0.0 0.0 1.2725 4.0232 2.0041
E03 50 0.0 0.0 0.0 0.0
E04 67 0.0 0.0 0.0 0.0 0.0 0.6502
E05 118 0.0 0.0 1.7025 0.0 0.0 0.8149 8.9663 6.2955 11.7068 9.5522 21.2653
E06 88 0.0 0.0 0.0 0.0 3.3573 0.0 2.287 3.365
E07 89 0.0 0.0 0.0 0.0 0.0 0.2794 1.5455 8.8519
E08 127 0.0 0.0 0.7587 3.213 4.6988 5.1512 11.2017 12.035 7.3396 9.8203 16.1278 39.6583
E09 118 0.0 1.1729 0.0 7.7922 5.0293 21.191 32.2246 30.0888 46.8586 47.7913 43.0144
E10 68 0.0 0.0 0.0 0.0 0.8622 0.0
G00 200 0.0 0.0 0.0 0.0 0.0 0.0 0.0 0.0 0.0 0.0 0.0 0.0 0.0 0.0 0.0 0.0 2.3434 0.0 0.0
I01 50 0.0 0.0 0.0 0.0
I02 50 0.0 0.0 0.0 0.0
I03 50 0.0 0.0 0.0 0.0
I04 50 0.0 0.0 0.0 0.0
I05 50 0.0 0.0 0.0 0.0
I06 50 0.0 0.0 0.0 0.0
I07 50 0.0 0.0 0.0 0.0
I08 50 0.0 0.0 0.0 0.0
I09 50 0.0 0.0 0.0 0.0
I10 50 0.0 0.0 0.0 0.0
L01 828 0.0 0.4713 0.4907 0.0 11.5433 12.333 14.5614 13.451 25.3742 45.1795 42.0299 56.33 70.4814 57.3141 84.7617 94.5201 83.2577 113.0154 106.6737 125.9998 137.8808 146.2939 145.5001 119.9488 146.4832 148.5077 185.2097 167.5199 124.869 167.2206 185.7954 192.0641 234.5764 208.8188 218.9289 269.8733 246.7845 205.1595 216.8112 291.239 251.9362 263.6978 282.1796 305.443 331.8854 313.2355 315.8725 365.7479 337.4843 343.6788 354.9756 389.7744 339.4236 417.1021 343.5256 383.6235 396.3258 422.7153 446.7868 474.2501 467.6603 437.6849 477.5882 461.7764 451.4251 471.6066 542.6977 502.4006 513.3506 501.5428 487.171 569.826 582.353 557.6746 579.2581 603.3065 610.6266 644.6539 617.488 682.5804 612.9129 649.4013
L02 876 0.0 0.0 0.0 5.3816 4.9911 18.7511 14.6355 13.6372 26.2475 29.9307 23.2858 29.9476 26.5261 44.4261 47.1795 62.9284 68.2286 64.0586 78.4831 72.0729 80.0793 97.8629 104.4425 98.3782 109.6884 125.8104 158.2354 133.5966 151.0775 159.3848 170.3392 164.2981 199.2511 198.6569 237.2154 206.8542 275.5249 244.5816 253.9802 287.731 297.3697 271.7548 285.8248 275.6523 316.1848 312.1921 348.5143 335.6198 358.2231 367.857 398.425 331.082 413.9147 421.0285 379.4461 429.9254 460.1287 457.1728 498.1461 498.0624 482.3014 509.9562 508.9143 514.6164 483.1872 511.3485 504.6084 564.2983 643.1757 568.6582 612.0381 645.0907 575.4214 580.9095 620.7689 654.0199 647.2075 678.3081 689.373 623.7495 700.3598 730.8178 699.6043 732.9825 728.5008 756.7635 715.9898
L03 1507 0.0 0.0 0.0 0.0 0.0 0.0 0.5718 0.5486 0.5527 0.5023 0.5626 0.5395 0.5491 0.5685 0.5593 0.5836 0.5909 0.5727 0.578 0.5767 0.6359 0.6088 0.6807 0.694 0.665 0.6708 2.043 2.4545 3.3025 3.6739 5.9918 6.5282 7.5554 11.3511 17.6996 31.7269 29.7669 37.5474 70.1677 57.0031 91.5636 117.3817 119.6754 127.7864 125.4763 158.8323 154.875 195.0407 203.1904 220.7849 241.2032 273.5716 277.6131 329.2196 327.6576 347.1978 351.6471 392.7913 398.3291 414.5382 416.2894 432.1456 425.5435 422.3647 501.2561 474.397 473.7078 505.4413 470.2641 503.3419 533.8829 544.0167 537.1967 556.0289 590.8519 587.3251 581.6049 601.6425 605.2691 611.8874 659.674 650.1759 708.694 670.519 684.8988 707.1956 721.6224 737.8678 756.1179 831.1496 814.6644 841.959 817.1974 774.162 792.7002 843.4618 862.4178 884.8274 918.679 945.2232 956.4102 968.8326 926.3395 931.5834 975.7553 983.8153 1028.2004 994.3913 1003.0101 1023.0361 1017.537 1048.4977 1069.1587 1086.0884 1101.4135 1142.9584 1173.8732 1140.4669 1127.8128 1141.7728 1165.6478 1203.9299 1200.9633 1210.7523 1212.3898 1255.3763 1257.8909 1268.3856 1236.0878 1279.1677 1286.3032 1256.0152 1320.5239 1324.5458 1338.0421 1351.0512 1399.7456 1407.2277 1422.2345 1469.9635 1452.8889 1452.9937 1472.349 1454.0751 1510.4257 1531.8951 1530.0616 1526.6028 1534.2797 1549.8121
L04 198 0.0 0.0 0.0 0.0 0.0 2.533 2.4464 8.7534 10.7646 8.7145 18.4167 4.7216 15.2143 27.473 16.0261 34.2261 34.4525 42.0275 36.498
L05 113 0.0 0.0 0.0 0.0 0.0 0.0 1.2418 0.0 0.6827 3.2869 3.8174
L06 834 0.0 0.0 0.0 0.0 0.0 0.0 0.0 0.0 0.0 0.0 1.3831 0.7219 0.6304 0.6225 0.5795 0.5896 3.9094 3.2707 3.1001 2.2507 23.7694 4.9296 38.425 6.8204 28.0623 39.041 16.3372 46.837 56.8216 46.7817 29.795 42.607 56.298 35.0318 76.8344 53.0442 80.4653 97.0581 121.8488 126.4421 149.8654 170.7441 160.2764 196.9554 182.0451 220.8351 237.0309 246.0606 268.2947 292.3097 325.9979 315.5844 340.3972 340.6666 367.6652 370.289 365.9038 386.5751 406.0696 428.654 427.2308 455.9674 459.7315 474.9652 487.8514 478.9876 540.0893 536.0332 532.3149 576.0587 599.4899 594.9777 647.4527 643.1115 648.299 668.581 692.2354 704.3311 739.0183 753.8319 739.8654 773.8074 793.1914
L07 254 0.0 0.0 0.0 0.0 0.0 0.0 0.0 0.0 0.0 0.0 0.0 0.0 0.0 0.0 0.0 0.0 0.0 0.0 0.0 0.0 0.0 0.0 6.1798 2.1109 6.3078
L08 185 0.0 0.0 0.0 0.0 0.0 0.0 0.0 0.0 0.0 0.0 1.7681 1.4735 0.0 0.0 1.2987 0.0 0.0 0.0
L09 881 0.0 0.0 0.0 0.0 0.0 0.0 0.0 0.0 0.0 0.0 0.0 0.0 0.0 0.0 0.0 0.0 0.0 0.0 0.0 0.0 0.0 0.0 0.0 4.8671 0.0 0.0 9.9159 7.681 16.094 17.4027 13.4045 11.7779 18.3126 14.9215 21.1671 21.8372 41.8133 46.155 53.1991 65.2535 96.8357 100.1689 101.0019 130.1015 130.7158 134.6478 155.8629 170.8995 186.7095 203.1864 193.1563 211.6618 214.6711 223.2998 210.2468 220.1169 234.7558 236.2916 263.9817 288.3493 318.6748 316.5813 340.7694 337.7273 379.585 364.5639 377.4358 370.3403 400.6249 421.1599 420.9758 493.0996 443.1919 481.1735 501.3898 454.9506 514.5845 524.327 556.3462 560.3142 562.9551 584.0702 568.1687 587.7047 637.5657 623.266 655.8391 649.9747
L10 190 0.0 0.0 0.0 0.0 0.0 0.0 1.8841 1.6843 4.1066 1.3221 1.9876 8.7364 2.6697 2.647 10.7222 3.1259 8.6045 4.1084
Total Execution Time: 0:11:15.993859
