D01 53 0.0 0.0 0.0 0.0 0.0
D02 51 0.0 0.0 0.0 0.0 0.0
D03 50 0.0 0.0 0.0 0.0
D04 100 0.0 0.0 0.0 0.0 0.0 0.0 0.0 0.0 0.0
D05 50 0.0 0.0 0.0 0.0
D06 51 0.0 0.0 0.0 0.0 0.0
D07 53 0.0 0.0 0.0 0.0 0.0
D08 50 0.0 0.0 0.0 0.0
D09 67 0.0 0.0 0.0 0.0 0.0 0.0
D10 52 0.0 0.0 0.0 0.0 0.0
E01 52 0.0 0.0 0.0 0.0 0.0
E02 77 0.0 0.0 0.0 0.0 0.8505 5.0942 1.5724
E03 50 0.0 0.0 0.0 0.0
E04 67 0.0 0.0 0.0 0.0 0.0 0.4785
E05 118 0.0 0.0 1.4707 0.0 0.0 0.7366 11.8504 7.2255 12.3501 11.8986 17.4074
E06 88 0.0 0.0 0.0 0.0 3.5736 0.0 1.6478 2.8477
E07 89 0.0 0.0 0.0 0.0 0.0 0.8975 1.7558 5.1076
E08 127 0.0 0.0 0.7569 2.4774 4.3782 4.8841 7.0354 14.8399 7.4952 18.4447 17.19 32.8378
E09 118 0.0 0.8487 0.0 7.2759 4.3479 20.2056 20.7691 27.7898 39.872 49.7444 44.242
E10 68 0.0 0.0 0.0 0.0 1.0204 0.0
G00 200 0.0 0.0 0.0 0.0 0.0 0.0 0.0 0.0 0.0 0.0 0.0 0.0 0.0 0.0 0.0 0.0 0.828 0.0 0.0
I01 50 0.0 0.0 0.0 0.0
I02 50 0.0 0.0 0.0 0.0
I03 50 0.0 0.0 0.0 0.0
I04 50 0.0 0.0 0.0 0.0
I05 50 0.0 0.0 0.0 0.0
I06 50 0.0 0.0 0.0 0.0
I07 50 0.0 0.0 0.0 0.0
I08 50 0.0 0.0 0.0 0.0
I09 50 0.0 0.0 0.0 0.0
I10 50 0.0 0.0 0.0 0.0
L01 828 0.0 0.4109 1.3044 0.0 12.5544 10.451 17.4703 21.0198 27.6985 43.6583 44.2544 49.1437 59.9588 51.7653 73.0673 89.2802 87.4348 103.1121 114.374 120.2804 143.3527 144.8216 147.4632 135.5226 128.4139 141.5117 174.3278 158.3866 131.9649 169.0154 200.9852 188.5217 220.8172 203.206 205.7959 261.289 257.2381 225.8928 231.0771 260.9652 286.4522 297.8629 298.6959 271.6355 291.7453 337.492 337.1235 339.8238 342.9993 339.6098 344.375 414.1117 355.7198 400.2686 391.0299 414.1169 398.2694 419.1705 450.0463 466.545 464.8527 424.8451 486.2732 446.3536 476.851 468.0815 552.4997 494.5369 543.0402 497.3147 572.0772 584.6027 592.2282 578.0565 613.4197 632.2627 643.5751 635.3492 639.244 693.0034 621.6503 614.9473
slurmstepd-g128: error: *** JOB 271767 ON g128 CANCELLED AT 2025-12-16T15:09:23 ***
