D01 53 0.0
D02 51 0.0
D03 50 0.0
D04 100 0.0 0.0 0.0 0.0 0.0 0.0
D05 50 0.0
D06 51 0.0
D07 53 0.0
D08 50 0.0
D09 67 0.0 0.0
D10 52 0.0
E01 52 0.0
E02 77 5.0941 5.3532 5.5342
E03 50 0.0
E04 67 0.0 3.9133
E05 118 0.3006 0.4067 0.8638 2.884 4.7586 4.5253 10.9117
E06 88 0.7953 1.2046 1.3215 1.6153
E07 89 0.0 2.1807 2.2925 2.9256
E08 127 2.465 2.5436 7.7584 13.5082 14.9685 20.5467 20.3152 25.4759
E09 118 10.0216 11.882 27.3605 33.6308 40.672 51.4022 61.3959
E10 68 0.2728 0.2782
G00 200 0.0 0.0 0.0 0.0 0.0 0.0 0.0 0.0 0.0 0.0 0.0 0.0 0.0 0.0 0.0 0.0
I01 50 0.0
I02 50 0.0
I03 50 0.0
I04 50 0.0
I05 50 0.0
I06 50 0.0
I07 50 0.0
I08 50 0.0
I09 50 0.0
I10 50 0.0
L01 828 13.8877 15.3386 23.0556 25.3294 29.1512 35.54 37.0832 48.6692 48.1873 52.9346 53.7138 60.367 66.5756 69.4626 79.9242 84.4155 88.7682 88.6618 95.5102 79.6113 96.1113 86.8771 94.7109 89.3352 110.8733 106.4838 114.292 127.2762 124.0228 121.0138 125.6308 148.0087 126.6767 141.796 143.2658 159.1635 163.0394 166.2811 171.8189 164.8169 168.1107 181.7466 182.7092 178.6604 198.0469 218.3473 220.1303 186.4 184.8381 198.2787 223.5334 226.0893 225.4766 221.1364 221.4249 225.5179 216.6482 213.2986 233.8725 232.2212 256.951 241.4149 256.1485 248.4517 264.3366 249.9672 258.9055 260.0986 255.1864 238.1421 248.1418 270.5867 271.9507 309.4242 294.1903 302.3728 306.3313 301.965
L02 876 6.0359 7.2171 6.956 15.7904 20.3144 23.1795 27.5797 26.5397 36.4107 43.7228 43.0942 56.2437 51.9928 50.3509 53.4149 68.9763 71.0047 74.8991 77.2395 84.9876 88.629 90.4547 107.5563 105.1854 119.9842 123.5565 119.6875 126.2679 136.0035 142.8294 149.8841 136.2143 139.8082 182.7732 170.2561 167.9228 166.3423 170.8815 183.2028 185.9591 192.9203 198.3369 186.822 202.6649 206.8429 216.7483 199.5337 216.9825 217.9801 239.061 249.0865 270.2032 248.6005 252.9025 265.8397 274.6383 282.4352 293.7923 292.8304 303.7522 301.9888 318.7618 324.6661 338.6 341.1799 334.7904 319.245 336.2459 357.8979 362.5064 366.4559 386.0518 379.7452 355.2348 363.6387 375.1382 408.1425 438.5015 413.2189 434.8575 409.5698 414.5749 450.3222
Traceback (most recent call last):
  File "/home/nedumpon/Linearity/results/../src/experiment1.py", line 114, in <module>
    main(lm=args.lm, size=args.size)
  File "/home/nedumpon/Linearity/results/../src/experiment1.py", line 98, in main
    print(rel, len(PosSamples), ' '.join([str(round(A.getFullRankEoA(s),4)) for s in range(50,len(PosSamples)+1 if size is None else min(size,len(PosSamples))+1,10)]))
  File "/home/nedumpon/Linearity/results/../src/experiment1.py", line 98, in <listcomp>
    print(rel, len(PosSamples), ' '.join([str(round(A.getFullRankEoA(s),4)) for s in range(50,len(PosSamples)+1 if size is None else min(size,len(PosSamples))+1,10)]))
  File "/home/nedumpon/Linearity/results/../src/experiment1.py", line 59, in getFullRankEoA
    return self.approximator.approximate(Tr=self.PosSamples[:size], Tn=self.NegSamples,verbose=False)[0]
  File "/home/nedumpon/Linearity/src/LinearApprox.py", line 67, in approximate
    U,S,V = np.linalg.svd(Pr)
  File "/home/nedumpon/.local/lib/python3.9/site-packages/numpy/linalg/_linalg.py", line 1796, in svd
    u, s, vh = gufunc(a, signature=signature)
  File "/home/nedumpon/.local/lib/python3.9/site-packages/numpy/linalg/_linalg.py", line 113, in _raise_linalgerror_svd_nonconvergence
    raise LinAlgError("SVD did not converge")
numpy.linalg.LinAlgError: SVD did not converge
