D01 0.0
D02 0.0
D03 0.0
D04 0.0
D05 0.0
D06 0.0
D07 0.0
D08 0.0
D09 0.0
D10 0.0
E01 0.0
E02 8.960558640168104e-15
E03 0.0
E04 1.258487088529897e-13
E05 1.5666859306732043e-13
E06 5.449144626154722e-13
E07 4.0818985851456495e-29
E08 8.398307884967897e-13
E09 9.236854042051682e-13
E10 0.0
I01 0.0
I02 0.0
I03 0.0
I04 0.0
I05 0.0
I06 0.0
I07 0.0
I08 0.0
I09 0.0
I10 0.0
L01 5.2384091323954135e-12
L02 8.160536795717125e-13
L03 0.14925262153486457
L04 3.766342606369721e-28
L05 4.056358814981067e-30
L06 0.0011255404256004852
L07 9.747104783092675e-14
L08 4.2253513821485294e-15
L09 0.08464503618022935
L10 5.565589339994063e-14
