2195875  words loaded!
D01 0.0
D02 0.0
D03 0.0
D04 0.0
D05 0.0
D06 0.0
D07 0.0
D08 0.0
D09 0.0
D10 0.0
E01 0.0
E02 1.6500653663041926
E03 0.0
E04 2.2578180513239144e-21
E05 21.79077059153962
E06 5.115670960099414
E07 2.416896752118126
E08 41.62687773337766
E09 64.47558814402946
E10 0.0
G00 3.2711667657751367
I01 0.0
I02 0.0
I03 0.0
I04 0.0
I05 0.0
I06 0.0
I07 0.0
I08 0.0
I09 0.0
I10 0.0
L01 655.6658071173393
L02 772.2189440851763
L03 1579.9895583082289
L04 38.08742208616761
L05 1.1677825117045948
L06 786.0602103540442
L07 2.6894227159594357
L08 2.7592315808404324
L09 671.8096214564622
L10 22.17566380934989
Total Execution Time: 0:03:20.403330
